2 > 1 
2 <> 1 
2 >= 1 
2.500000 > 1.500000 
2.500000 <> 1.500000 
2.500000 >= 1.500000 
2  >= 1  and 2.500000  >= 1.500000 
2  >= 1  and 2.500000  >= 1.500000 
Reached Halt.
