2 > 1 
2 <> 1 
2 >= 1 
1.500000 < 2.500000 
1.500000 <> 2.500000 
1.500000 <= 2.500000 
2  >= 1  and 1.500000  < 2.500000 
2  < 1  or 1.500000  < 2.500000 
Reached Halt.
