1 < 2 
1 <> 2 
1 <= 2 
2.500000 > 1.500000 
2.500000 <> 1.500000 
2.500000 >= 1.500000 
1  < 2  and 2.500000  >= 1.500000 
1  < 2  or 2.500000  < 1.500000 
Reached Halt.
